../Core/Src/main.c:110:5:fonction	32	static
../Core/Src/main.c:125:5:motor	40	static
../Core/Src/main.c:176:5:speed	24	static
../Core/Src/main.c:205:5:test_pwm	40	static
../Core/Src/main.c:227:5:test_dist	32	static
../Core/Src/main.c:242:5:test_angle	32	static
../Core/Src/main.c:257:5:test_xy	32	static
../Core/Src/main.c:277:6:task_shell	16	static
../Core/Src/main.c:296:6:task_encoder	16	static
../Core/Src/main.c:309:6:task_odom	16	static
../Core/Src/main.c:319:6:task_bordure	16	static
../Core/Src/main.c:343:6:task_angle	24	static
../Core/Src/main.c:375:6:task_distance	16	static
../Core/Src/main.c:424:5:main	16	static
../Core/Src/main.c:516:6:SystemClock_Config	88	static
../Core/Src/main.c:563:6:Error_Handler	8	static,ignoring_inline_asm
